{
    "VERSIONS|DATABASE": {
        "VERSION": "version_3_0_6"
    },
    "DSCP_TO_TC_MAP|AZURE": {
        "0": "0",
        "1": "1"
    },
    "PORT_QOS_MAP|global": {
        "dscp_to_tc_map": "AZURE"
    }
}
